[0.384s] Invoking command in '/home/andrew/sim_ws/src/controller': PYTHONPATH=/home/andrew/sim_ws/src/build/controller/prefix_override:/usr/lib/python3/dist-packages/colcon_core/task/python/colcon_distutils_commands:/home/andrew/sim_ws/src/install/controller/lib/python3.10/site-packages:${PYTHONPATH} /usr/bin/python3 -W ignore:setup.py install is deprecated -W ignore:easy_install command is deprecated setup.py egg_info --egg-base ../build/controller build --build-base /home/andrew/sim_ws/src/build/controller/build install --record /home/andrew/sim_ws/src/build/controller/install.log --single-version-externally-managed install_data
[0.531s] running egg_info
[0.532s] writing ../build/controller/controller.egg-info/PKG-INFO
[0.532s] writing dependency_links to ../build/controller/controller.egg-info/dependency_links.txt
[0.532s] writing entry points to ../build/controller/controller.egg-info/entry_points.txt
[0.532s] writing requirements to ../build/controller/controller.egg-info/requires.txt
[0.532s] writing top-level names to ../build/controller/controller.egg-info/top_level.txt
[0.533s] reading manifest file '../build/controller/controller.egg-info/SOURCES.txt'
[0.533s] writing manifest file '../build/controller/controller.egg-info/SOURCES.txt'
[0.533s] running build
[0.533s] running build_py
[0.533s] copying controller/pure_pursuit.py -> /home/andrew/sim_ws/src/build/controller/build/lib/controller
[0.533s] running install
[0.534s] running install_lib
[0.534s] copying /home/andrew/sim_ws/src/build/controller/build/lib/controller/pure_pursuit.py -> /home/andrew/sim_ws/src/install/controller/lib/python3.10/site-packages/controller
[0.534s] byte-compiling /home/andrew/sim_ws/src/install/controller/lib/python3.10/site-packages/controller/pure_pursuit.py to pure_pursuit.cpython-310.pyc
[0.535s] running install_data
[0.535s] running install_egg_info
[0.536s] removing '/home/andrew/sim_ws/src/install/controller/lib/python3.10/site-packages/controller-0.0.0-py3.10.egg-info' (and everything under it)
[0.536s] Copying ../build/controller/controller.egg-info to /home/andrew/sim_ws/src/install/controller/lib/python3.10/site-packages/controller-0.0.0-py3.10.egg-info
[0.537s] running install_scripts
[0.550s] Installing pure_pursuit script to /home/andrew/sim_ws/src/install/controller/lib/controller
[0.550s] Installing waypoint_logger script to /home/andrew/sim_ws/src/install/controller/lib/controller
[0.550s] writing list of installed files to '/home/andrew/sim_ws/src/build/controller/install.log'
[0.564s] Invoked command in '/home/andrew/sim_ws/src/controller' returned '0': PYTHONPATH=/home/andrew/sim_ws/src/build/controller/prefix_override:/usr/lib/python3/dist-packages/colcon_core/task/python/colcon_distutils_commands:/home/andrew/sim_ws/src/install/controller/lib/python3.10/site-packages:${PYTHONPATH} /usr/bin/python3 -W ignore:setup.py install is deprecated -W ignore:easy_install command is deprecated setup.py egg_info --egg-base ../build/controller build --build-base /home/andrew/sim_ws/src/build/controller/build install --record /home/andrew/sim_ws/src/build/controller/install.log --single-version-externally-managed install_data
