[0.409s] Invoking command in '/home/andrew/sim_ws/src/controller': PYTHONPATH=/home/andrew/sim_ws/src/build/controller/prefix_override:/usr/lib/python3/dist-packages/colcon_core/task/python/colcon_distutils_commands:/home/andrew/sim_ws/src/install/controller/lib/python3.10/site-packages:${PYTHONPATH} /usr/bin/python3 -W ignore:setup.py install is deprecated -W ignore:easy_install command is deprecated setup.py egg_info --egg-base ../build/controller build --build-base /home/andrew/sim_ws/src/build/controller/build install --record /home/andrew/sim_ws/src/build/controller/install.log --single-version-externally-managed install_data
[0.584s] running egg_info
[0.585s] writing ../build/controller/controller.egg-info/PKG-INFO
[0.585s] writing dependency_links to ../build/controller/controller.egg-info/dependency_links.txt
[0.585s] writing entry points to ../build/controller/controller.egg-info/entry_points.txt
[0.585s] writing requirements to ../build/controller/controller.egg-info/requires.txt
[0.585s] writing top-level names to ../build/controller/controller.egg-info/top_level.txt
[0.586s] reading manifest file '../build/controller/controller.egg-info/SOURCES.txt'
[0.587s] writing manifest file '../build/controller/controller.egg-info/SOURCES.txt'
[0.587s] running build
[0.587s] running build_py
[0.587s] copying controller/pinn_inference.py -> /home/andrew/sim_ws/src/build/controller/build/lib/controller
[0.588s] running install
[0.588s] running install_lib
[0.589s] copying /home/andrew/sim_ws/src/build/controller/build/lib/controller/pinn_inference.py -> /home/andrew/sim_ws/src/install/controller/lib/python3.10/site-packages/controller
[0.589s] byte-compiling /home/andrew/sim_ws/src/install/controller/lib/python3.10/site-packages/controller/pinn_inference.py to pinn_inference.cpython-310.pyc
[0.590s] running install_data
[0.591s] running install_egg_info
[0.592s] removing '/home/andrew/sim_ws/src/install/controller/lib/python3.10/site-packages/controller-0.0.0-py3.10.egg-info' (and everything under it)
[0.592s] Copying ../build/controller/controller.egg-info to /home/andrew/sim_ws/src/install/controller/lib/python3.10/site-packages/controller-0.0.0-py3.10.egg-info
[0.592s] running install_scripts
[0.606s] Installing manual_logger script to /home/andrew/sim_ws/src/install/controller/lib/controller
[0.606s] Installing manual_teleop script to /home/andrew/sim_ws/src/install/controller/lib/controller
[0.606s] Installing pinn_drive script to /home/andrew/sim_ws/src/install/controller/lib/controller
[0.607s] Installing pure_pursuit script to /home/andrew/sim_ws/src/install/controller/lib/controller
[0.607s] Installing train_pinn script to /home/andrew/sim_ws/src/install/controller/lib/controller
[0.607s] Installing waypoint_logger script to /home/andrew/sim_ws/src/install/controller/lib/controller
[0.607s] writing list of installed files to '/home/andrew/sim_ws/src/build/controller/install.log'
[0.624s] Invoked command in '/home/andrew/sim_ws/src/controller' returned '0': PYTHONPATH=/home/andrew/sim_ws/src/build/controller/prefix_override:/usr/lib/python3/dist-packages/colcon_core/task/python/colcon_distutils_commands:/home/andrew/sim_ws/src/install/controller/lib/python3.10/site-packages:${PYTHONPATH} /usr/bin/python3 -W ignore:setup.py install is deprecated -W ignore:easy_install command is deprecated setup.py egg_info --egg-base ../build/controller build --build-base /home/andrew/sim_ws/src/build/controller/build install --record /home/andrew/sim_ws/src/build/controller/install.log --single-version-externally-managed install_data
