running egg_info
writing ../build/controller/controller.egg-info/PKG-INFO
writing dependency_links to ../build/controller/controller.egg-info/dependency_links.txt
writing entry points to ../build/controller/controller.egg-info/entry_points.txt
writing requirements to ../build/controller/controller.egg-info/requires.txt
writing top-level names to ../build/controller/controller.egg-info/top_level.txt
reading manifest file '../build/controller/controller.egg-info/SOURCES.txt'
writing manifest file '../build/controller/controller.egg-info/SOURCES.txt'
running build
running build_py
copying controller/pure_pursuit.py -> /home/andrew/sim_ws/src/build/controller/build/lib/controller
running install
running install_lib
copying /home/andrew/sim_ws/src/build/controller/build/lib/controller/pure_pursuit.py -> /home/andrew/sim_ws/src/install/controller/lib/python3.10/site-packages/controller
byte-compiling /home/andrew/sim_ws/src/install/controller/lib/python3.10/site-packages/controller/pure_pursuit.py to pure_pursuit.cpython-310.pyc
running install_data
running install_egg_info
removing '/home/andrew/sim_ws/src/install/controller/lib/python3.10/site-packages/controller-0.0.0-py3.10.egg-info' (and everything under it)
Copying ../build/controller/controller.egg-info to /home/andrew/sim_ws/src/install/controller/lib/python3.10/site-packages/controller-0.0.0-py3.10.egg-info
running install_scripts
Installing pure_pursuit script to /home/andrew/sim_ws/src/install/controller/lib/controller
writing list of installed files to '/home/andrew/sim_ws/src/build/controller/install.log'
