[0.406s] Invoking command in '/home/andrew/sim_ws/src/controller': PYTHONPATH=/home/andrew/sim_ws/src/build/controller/prefix_override:/usr/lib/python3/dist-packages/colcon_core/task/python/colcon_distutils_commands:/home/andrew/sim_ws/src/install/controller/lib/python3.10/site-packages:${PYTHONPATH} /usr/bin/python3 -W ignore:setup.py install is deprecated -W ignore:easy_install command is deprecated setup.py egg_info --egg-base ../build/controller build --build-base /home/andrew/sim_ws/src/build/controller/build install --record /home/andrew/sim_ws/src/build/controller/install.log --single-version-externally-managed install_data
[0.562s] running egg_info
[0.563s] writing ../build/controller/controller.egg-info/PKG-INFO
[0.563s] writing dependency_links to ../build/controller/controller.egg-info/dependency_links.txt
[0.563s] writing entry points to ../build/controller/controller.egg-info/entry_points.txt
[0.563s] writing requirements to ../build/controller/controller.egg-info/requires.txt
[0.563s] writing top-level names to ../build/controller/controller.egg-info/top_level.txt
[0.564s] reading manifest file '../build/controller/controller.egg-info/SOURCES.txt'
[0.564s] writing manifest file '../build/controller/controller.egg-info/SOURCES.txt'
[0.564s] running build
[0.564s] running build_py
[0.565s] copying controller/pure_pursuit.py -> /home/andrew/sim_ws/src/build/controller/build/lib/controller
[0.565s] running install
[0.565s] running install_lib
[0.566s] copying /home/andrew/sim_ws/src/build/controller/build/lib/controller/pure_pursuit.py -> /home/andrew/sim_ws/src/install/controller/lib/python3.10/site-packages/controller
[0.566s] byte-compiling /home/andrew/sim_ws/src/install/controller/lib/python3.10/site-packages/controller/pure_pursuit.py to pure_pursuit.cpython-310.pyc
[0.567s] running install_data
[0.567s] running install_egg_info
[0.568s] removing '/home/andrew/sim_ws/src/install/controller/lib/python3.10/site-packages/controller-0.0.0-py3.10.egg-info' (and everything under it)
[0.568s] Copying ../build/controller/controller.egg-info to /home/andrew/sim_ws/src/install/controller/lib/python3.10/site-packages/controller-0.0.0-py3.10.egg-info
[0.568s] running install_scripts
[0.582s] Installing pure_pursuit script to /home/andrew/sim_ws/src/install/controller/lib/controller
[0.582s] writing list of installed files to '/home/andrew/sim_ws/src/build/controller/install.log'
[0.596s] Invoked command in '/home/andrew/sim_ws/src/controller' returned '0': PYTHONPATH=/home/andrew/sim_ws/src/build/controller/prefix_override:/usr/lib/python3/dist-packages/colcon_core/task/python/colcon_distutils_commands:/home/andrew/sim_ws/src/install/controller/lib/python3.10/site-packages:${PYTHONPATH} /usr/bin/python3 -W ignore:setup.py install is deprecated -W ignore:easy_install command is deprecated setup.py egg_info --egg-base ../build/controller build --build-base /home/andrew/sim_ws/src/build/controller/build install --record /home/andrew/sim_ws/src/build/controller/install.log --single-version-externally-managed install_data
