running egg_info
creating ../build/controller/controller.egg-info
writing ../build/controller/controller.egg-info/PKG-INFO
writing dependency_links to ../build/controller/controller.egg-info/dependency_links.txt
writing entry points to ../build/controller/controller.egg-info/entry_points.txt
writing requirements to ../build/controller/controller.egg-info/requires.txt
writing top-level names to ../build/controller/controller.egg-info/top_level.txt
writing manifest file '../build/controller/controller.egg-info/SOURCES.txt'
reading manifest file '../build/controller/controller.egg-info/SOURCES.txt'
writing manifest file '../build/controller/controller.egg-info/SOURCES.txt'
running build
running build_py
creating /home/andrew/sim_ws/src/build/controller/build
creating /home/andrew/sim_ws/src/build/controller/build/lib
creating /home/andrew/sim_ws/src/build/controller/build/lib/controller
copying controller/pure_pursuit.py -> /home/andrew/sim_ws/src/build/controller/build/lib/controller
copying controller/__init__.py -> /home/andrew/sim_ws/src/build/controller/build/lib/controller
running install
running install_lib
creating /home/andrew/sim_ws/src/install/controller/lib/python3.10/site-packages/controller
copying /home/andrew/sim_ws/src/build/controller/build/lib/controller/pure_pursuit.py -> /home/andrew/sim_ws/src/install/controller/lib/python3.10/site-packages/controller
copying /home/andrew/sim_ws/src/build/controller/build/lib/controller/__init__.py -> /home/andrew/sim_ws/src/install/controller/lib/python3.10/site-packages/controller
byte-compiling /home/andrew/sim_ws/src/install/controller/lib/python3.10/site-packages/controller/pure_pursuit.py to pure_pursuit.cpython-310.pyc
byte-compiling /home/andrew/sim_ws/src/install/controller/lib/python3.10/site-packages/controller/__init__.py to __init__.cpython-310.pyc
running install_data
creating /home/andrew/sim_ws/src/install/controller/share/ament_index
creating /home/andrew/sim_ws/src/install/controller/share/ament_index/resource_index
creating /home/andrew/sim_ws/src/install/controller/share/ament_index/resource_index/packages
copying resource/controller -> /home/andrew/sim_ws/src/install/controller/share/ament_index/resource_index/packages
copying package.xml -> /home/andrew/sim_ws/src/install/controller/share/controller
running install_egg_info
Copying ../build/controller/controller.egg-info to /home/andrew/sim_ws/src/install/controller/lib/python3.10/site-packages/controller-0.0.0-py3.10.egg-info
running install_scripts
writing list of installed files to '/home/andrew/sim_ws/src/build/controller/install.log'
