[0.439s] Invoking command in '/home/andrew/sim_ws/src/controller': PYTHONPATH=/home/andrew/sim_ws/src/build/controller/prefix_override:/usr/lib/python3/dist-packages/colcon_core/task/python/colcon_distutils_commands:/home/andrew/sim_ws/src/install/controller/lib/python3.10/site-packages:${PYTHONPATH} /usr/bin/python3 -W ignore:setup.py install is deprecated -W ignore:easy_install command is deprecated setup.py egg_info --egg-base ../build/controller build --build-base /home/andrew/sim_ws/src/build/controller/build install --record /home/andrew/sim_ws/src/build/controller/install.log --single-version-externally-managed install_data
[0.604s] running egg_info
[0.604s] writing ../build/controller/controller.egg-info/PKG-INFO
[0.604s] writing dependency_links to ../build/controller/controller.egg-info/dependency_links.txt
[0.604s] writing entry points to ../build/controller/controller.egg-info/entry_points.txt
[0.604s] writing requirements to ../build/controller/controller.egg-info/requires.txt
[0.604s] writing top-level names to ../build/controller/controller.egg-info/top_level.txt
[0.606s] reading manifest file '../build/controller/controller.egg-info/SOURCES.txt'
[0.606s] writing manifest file '../build/controller/controller.egg-info/SOURCES.txt'
[0.606s] running build
[0.606s] running build_py
[0.606s] copying controller/pinn_inference.py -> /home/andrew/sim_ws/src/build/controller/build/lib/controller
[0.607s] running install
[0.607s] running install_lib
[0.608s] copying /home/andrew/sim_ws/src/build/controller/build/lib/controller/pinn_inference.py -> /home/andrew/sim_ws/src/install/controller/lib/python3.10/site-packages/controller
[0.608s] byte-compiling /home/andrew/sim_ws/src/install/controller/lib/python3.10/site-packages/controller/pinn_inference.py to pinn_inference.cpython-310.pyc
[0.609s] running install_data
[0.610s] copying controller/scaler.pkl -> /home/andrew/sim_ws/src/install/controller/lib/controller
[0.610s] copying controller/pinn_model.pth -> /home/andrew/sim_ws/src/install/controller/lib/controller
[0.610s] copying controller/waypoints.csv -> /home/andrew/sim_ws/src/install/controller/lib/controller
[0.610s] running install_egg_info
[0.611s] removing '/home/andrew/sim_ws/src/install/controller/lib/python3.10/site-packages/controller-0.0.0-py3.10.egg-info' (and everything under it)
[0.612s] Copying ../build/controller/controller.egg-info to /home/andrew/sim_ws/src/install/controller/lib/python3.10/site-packages/controller-0.0.0-py3.10.egg-info
[0.612s] running install_scripts
[0.628s] Installing manual_logger script to /home/andrew/sim_ws/src/install/controller/lib/controller
[0.628s] Installing manual_teleop script to /home/andrew/sim_ws/src/install/controller/lib/controller
[0.629s] Installing pinn_drive script to /home/andrew/sim_ws/src/install/controller/lib/controller
[0.629s] Installing pure_pursuit script to /home/andrew/sim_ws/src/install/controller/lib/controller
[0.629s] Installing train_pinn script to /home/andrew/sim_ws/src/install/controller/lib/controller
[0.629s] Installing waypoint_logger script to /home/andrew/sim_ws/src/install/controller/lib/controller
[0.629s] writing list of installed files to '/home/andrew/sim_ws/src/build/controller/install.log'
[0.644s] Invoked command in '/home/andrew/sim_ws/src/controller' returned '0': PYTHONPATH=/home/andrew/sim_ws/src/build/controller/prefix_override:/usr/lib/python3/dist-packages/colcon_core/task/python/colcon_distutils_commands:/home/andrew/sim_ws/src/install/controller/lib/python3.10/site-packages:${PYTHONPATH} /usr/bin/python3 -W ignore:setup.py install is deprecated -W ignore:easy_install command is deprecated setup.py egg_info --egg-base ../build/controller build --build-base /home/andrew/sim_ws/src/build/controller/build install --record /home/andrew/sim_ws/src/build/controller/install.log --single-version-externally-managed install_data
