/home/andrew/sim_ws/src/install/controller/lib/python3.10/site-packages/controller/manual_logger.py
/home/andrew/sim_ws/src/install/controller/lib/python3.10/site-packages/controller/pure_pursuit.py
/home/andrew/sim_ws/src/install/controller/lib/python3.10/site-packages/controller/manual_teleop.py
/home/andrew/sim_ws/src/install/controller/lib/python3.10/site-packages/controller/__init__.py
/home/andrew/sim_ws/src/install/controller/lib/python3.10/site-packages/controller/pinn_inference.py
/home/andrew/sim_ws/src/install/controller/lib/python3.10/site-packages/controller/waypoint_logger.py
/home/andrew/sim_ws/src/install/controller/lib/python3.10/site-packages/controller/train_pinn.py
/home/andrew/sim_ws/src/install/controller/lib/python3.10/site-packages/controller/__pycache__/manual_logger.cpython-310.pyc
/home/andrew/sim_ws/src/install/controller/lib/python3.10/site-packages/controller/__pycache__/pure_pursuit.cpython-310.pyc
/home/andrew/sim_ws/src/install/controller/lib/python3.10/site-packages/controller/__pycache__/manual_teleop.cpython-310.pyc
/home/andrew/sim_ws/src/install/controller/lib/python3.10/site-packages/controller/__pycache__/__init__.cpython-310.pyc
/home/andrew/sim_ws/src/install/controller/lib/python3.10/site-packages/controller/__pycache__/pinn_inference.cpython-310.pyc
/home/andrew/sim_ws/src/install/controller/lib/python3.10/site-packages/controller/__pycache__/waypoint_logger.cpython-310.pyc
/home/andrew/sim_ws/src/install/controller/lib/python3.10/site-packages/controller/__pycache__/train_pinn.cpython-310.pyc
/home/andrew/sim_ws/src/install/controller/share/ament_index/resource_index/packages/controller
/home/andrew/sim_ws/src/install/controller/share/controller/package.xml
/home/andrew/sim_ws/src/install/controller/lib/controller/scaler.pkl
/home/andrew/sim_ws/src/install/controller/lib/controller/pinn_model.pth
/home/andrew/sim_ws/src/install/controller/lib/controller/waypoints.csv
/home/andrew/sim_ws/src/install/controller/lib/python3.10/site-packages/controller-0.0.0-py3.10.egg-info/top_level.txt
/home/andrew/sim_ws/src/install/controller/lib/python3.10/site-packages/controller-0.0.0-py3.10.egg-info/PKG-INFO
/home/andrew/sim_ws/src/install/controller/lib/python3.10/site-packages/controller-0.0.0-py3.10.egg-info/requires.txt
/home/andrew/sim_ws/src/install/controller/lib/python3.10/site-packages/controller-0.0.0-py3.10.egg-info/zip-safe
/home/andrew/sim_ws/src/install/controller/lib/python3.10/site-packages/controller-0.0.0-py3.10.egg-info/dependency_links.txt
/home/andrew/sim_ws/src/install/controller/lib/python3.10/site-packages/controller-0.0.0-py3.10.egg-info/entry_points.txt
/home/andrew/sim_ws/src/install/controller/lib/python3.10/site-packages/controller-0.0.0-py3.10.egg-info/SOURCES.txt
/home/andrew/sim_ws/src/install/controller/lib/controller/manual_logger
/home/andrew/sim_ws/src/install/controller/lib/controller/manual_teleop
/home/andrew/sim_ws/src/install/controller/lib/controller/pinn_drive
/home/andrew/sim_ws/src/install/controller/lib/controller/pure_pursuit
/home/andrew/sim_ws/src/install/controller/lib/controller/train_pinn
/home/andrew/sim_ws/src/install/controller/lib/controller/waypoint_logger
